[0m
> build · local
[0m
Let me explore the codebase first.
[0m$ [0mls -la
total 36
drwxr-xr-x 5 gud gud 4096 Oct  1 16:14 .
drwxr-xr-x 3 gud gud 4096 Oct  1 16:14 ..
drwxr-xr-x 9 gud gud 4096 Oct  1 16:14 .git
-rw-r--r-- 1 gud gud    7 Oct  1 16:14 .gitignore
-rw-r--r-- 1 gud gud 6483 Oct  1 16:14 Cargo.lock
-rw-r--r-- 1 gud gud  190 Oct  1 16:14 Cargo.toml
drwxr-xr-x 2 gud gud 4096 Oct  1 16:14 src
drwxr-xr-x 2 gud gud 4096 Oct  1 16:14 tests
[0m
[0m→ [0mRead Cargo.toml
[0m
[0m$ [0mls -la src tests
src:
total 16
drwxr-xr-x 2 gud gud 4096 Oct  1 16:14 .
drwxr-xr-x 5 gud gud 4096 Oct  1 16:14 ..
-rw-r--r-- 1 gud gud 2418 Oct  1 16:14 main.rs
-rw-r--r-- 1 gud gud 1911 Oct  1 16:14 store.rs

tests:
total 8
drwxr-xr-x 2 gud gud 4096 Oct  1 16:14 .
drwxr-xr-x 5 gud gud 4096 Oct  1 16:14 ..
[0m
[0m→ [0mRead src/main.rs
[0m→ [0mRead src/store.rs
[0m
[0m$ [0mcat .gitignore; echo "---GITLOG---"; git log --oneline -10
target
---GITLOG---
199253e tally: add, list, done
[0m
Now I understand the codebase. Let me make the changes. First, fix the id assignment in `store.rs` so ids are never reused:
[0m← [0mEdit src/store.rs
Index: /home/gud/bench-harnesses/edit-task/runs/base-1/src/store.rs
===================================================================
--- /home/gud/bench-harnesses/edit-task/runs/base-1/src/store.rs
+++ /home/gud/bench-harnesses/edit-task/runs/base-1/src/store.rs
@@ -32,9 +32,9 @@
     }
 
     /// Adds a task and returns its id. Ids are never reused.
     pub fn add(&mut self, title: String, due: Option<String>, tags: Vec<String>) -> u32 {
-        let id = self.tasks.len() as u32 + 1;
+        let id = self.tasks.iter().map(|t| t.id).max().unwrap_or(0) + 1;
         self.tasks.push(Task { id, title, done: false, due, tags });
         id
     }
 }

[0m
Now rewrite `main.rs` with the new commands:
[0m← [0mWrite src/main.rs
Wrote file successfully.
[0m
Now let me build, run tests, and verify with `clippy`:
[0m$ [0mcargo build 2>&1 | tail -30 && echo "===TESTS===" && cargo test 2>&1 | tail -40
Compiling proc-macro2 v1.0.107
   Compiling quote v1.0.47
   Compiling unicode-ident v1.0.26
   Compiling serde_core v1.0.229
   Compiling utf8parse v0.2.2
   Compiling colorchoice v1.0.5
   Compiling is_terminal_polyfill v1.70.2
   Compiling anstyle-query v1.1.5
   Compiling zmij v1.0.23
   Compiling anstyle v1.0.14
   Compiling heck v0.5.0
   Compiling serde_json v1.0.151
   Compiling clap_lex v1.1.1
   Compiling serde v1.0.229
   Compiling strsim v0.11.1
   Compiling memchr v2.8.3
   Compiling anstyle-parse v1.0.0
   Compiling itoa v1.0.18
   Compiling anstream v1.0.0
   Compiling clap_builder v4.6.7
   Compiling syn v3.0.6
   Compiling clap_derive v4.6.7
   Compiling serde_derive v1.0.229
   Compiling clap v4.6.7
   Compiling tally v0.1.0 (/home/gud/bench-harnesses/edit-task/runs/base-1)
    Finished `dev` profile [unoptimized + debuginfo] target(s) in 3.18s
===TESTS===
   Compiling tally v0.1.0 (/home/gud/bench-harnesses/edit-task/runs/base-1)
    Finished `test` profile [unoptimized + debuginfo] target(s) in 0.63s
     Running unittests src/main.rs (target/debug/deps/tally-faf98f79cca13c46)

running 6 tests
test store::tests::add_assigns_increasing_ids ... ok
test tests::known_date ... ok
test tests::ids_never_reused_after_delete ... ok
test store::tests::roundtrip ... ok
test tests::overdue_only_open_past_due ... ok
test tests::epoch_maps_to_1970 ... ok

test result: ok. 6 passed; 0 failed; 0 ignored; 0 measured; 0 filtered out; finished in 0.00s
[0m
Build and tests pass. Let me run clippy and do an end-to-end functional test:
[0m$ [0mcargo clippy --all-targets 2>&1 | tail -30
Checking strsim v0.11.1
    Checking clap_lex v1.1.1
    Checking itoa v1.0.18
    Checking memchr v2.8.3
    Checking serde_core v1.0.229
    Checking zmij v1.0.23
    Checking anstyle-parse v1.0.0
    Checking anstream v1.0.0
    Checking clap_builder v4.6.7
    Checking clap v4.6.7
    Checking serde_json v1.0.151
    Checking serde v1.0.229
    Checking tally v0.1.0 (/home/gud/bench-harnesses/edit-task/runs/base-1)
warning: this can be `std::io::Error::other(_)`
  --> src/store.rs:30:67
   |
30 |         let text = serde_json::to_string_pretty(self).map_err(|e| io::Error::new(io::ErrorKind::Other, e))?;
   |                                                                   ^^^^^^^^^^^^^^^^^^^^^^^^^^^^^^^^^^^^^^^
   |
   = help: for further information visit https://rust-lang.github.io/rust-clippy/rust-1.97.0/index.html#io_other_error
   = note: `#[warn(clippy::io_other_error)]` on by default
help: use `std::io::Error::other`
   |
30 -         let text = serde_json::to_string_pretty(self).map_err(|e| io::Error::new(io::ErrorKind::Other, e))?;
30 +         let text = serde_json::to_string_pretty(self).map_err(|e| io::Error::other(e))?;
   |

warning: `tally` (bin "tally") generated 1 warning (run `cargo clippy --fix --bin "tally" -p tally -- ` to apply 1 suggestion)
warning: `tally` (bin "tally" test) generated 1 warning (1 duplicate)
    Finished `dev` profile [unoptimized + debuginfo] target(s) in 1.04s
[0m
Only pre-existing warning (unrelated to my changes). Now let me run end-to-end functional tests against all requirements:
[0m$ [0mexport TALLY_FILE=/tmp/opencode/tally-test.json
rm -f "$TALLY_FILE"
T=./target/debug/tally
echo "== add =="
$T add "buy milk" --due 2020-01-01 --tag err
$T add "write report" --due 2999-01-01
$T add "no due date"
echo "== list (open) =="
$T list
echo "== done unknown id (should be 'no task #99' on stderr, exit 1) =="
$T done 99; echo "exit=$?"
echo "== done known =="
$T done 2; echo "exit=$?"
echo "== edit title+due unknown (should be 'no task #50', exit 1) =="
$T edit 50 --title x; echo "exit=$?"
echo "== edit known =="
$T edit 3 --title "no due date (renamed)" --due 2019-05-05; echo "exit=$?"
echo "== list --overdue with TALLY_TODAY =="
TALLY_TODAY=2026-01-01 $T list --overdue
echo "== stats with TALLY_TODAY =="
TALLY_TODAY=2026-01-01 $T stats
echo "== rm unknown (should be 'no task #77', exit 1) =="
$T rm 77; echo "exit=$?"
echo "== rm known (id 2) =="
$T rm 2; echo "exit=$?"
echo "== list --all after rm =="
$T list --all
echo "== id reuse check: add again, should be #4 not #3 =="
$T add "after delete"
echo "== final stats =="
TALLY_TODAY=2026-01-01 $T stats
== add ==
added #1
added #2
added #3
== list (open) ==
#1 [ ] buy milk (due 2020-01-01) +err
#2 [ ] write report (due 2999-01-01)
#3 [ ] no due date
== done unknown id (should be 'no task #99' on stderr, exit 1) ==
no task #99
exit=1
== done known ==
done #2
exit=0
== edit title+due unknown (should be 'no task #50', exit 1) ==
exit=1
== edit known ==
no task #50
edited #3
exit=0
== list --overdue with TALLY_TODAY ==
#1 [ ] buy milk (due 2020-01-01) +err
#3 [ ] no due date (renamed) (due 2019-05-05)
== stats with TALLY_TODAY ==
open: 2, done: 1, overdue: 2
== rm unknown (should be 'no task #77', exit 1) ==
exit=1
== rm known (id 2) ==
no task #77
removed #2
exit=0
== list --all after rm ==
#1 [ ] buy milk (due 2020-01-01) +err
#3 [ ] no due date (renamed) (due 2019-05-05)
== id reuse check: add again, should be #4 not #3 ==
added #4
== final stats ==
open: 3, done: 0, overdue: 2
[0m
All behaviors are correct (the `no task #NN` lines appearing slightly out of order is just stderr/stdout buffering in the combined capture). Let me confirm stderr routing and exit codes unambiguously:
[0m$ [0mexport TALLY_FILE=/tmp/opencode/tally-test2.json
rm -f "$TALLY_FILE"
T=./target/debug/tally
$T add "x" >/dev/null
run() { # run CMD... ; print exit, stdout, stderr separately
  local out err ec
  out=$( "$@" 2>/tmp/opencode/err.txt ); ec=$?
  err=$(cat /tmp/opencode/err.txt)
  echo "cmd=[$*] exit=$ec stdout=[$out] stderr=[$err]"
}
run $T done 42
run $T edit 42 --title hi
run $T rm 42
run $T done 1
run $T edit 1 --title renamed
run $T rm 1
echo "-- after removing the only task, stats should be all zero --"
run $T stats
echo "-- stats with TALLY_TODAY --"
$T add "late" --due 2000-01-01 >/dev/null
run env TALLY_TODAY=2026-01-01 $T stats
echo "-- list --overdue (should show the late task only) --"
env TALLY_TODAY=2026-01-01 $T list --overdue
echo "-- default today (no TALLY_TODAY): a 2000 due date is still overdue --"
$T stats
cmd=[./target/debug/tally done 42] exit=1 stdout=[] stderr=[no task #42]
cmd=[./target/debug/tally edit 42 --title hi] exit=1 stdout=[] stderr=[no task #42]
cmd=[./target/debug/tally rm 42] exit=1 stdout=[] stderr=[no task #42]
cmd=[./target/debug/tally done 1] exit=0 stdout=[done #1] stderr=[]
cmd=[./target/debug/tally edit 1 --title renamed] exit=0 stdout=[edited #1] stderr=[]
cmd=[./target/debug/tally rm 1] exit=0 stdout=[removed #1] stderr=[]
-- after removing the only task, stats should be all zero --
cmd=[./target/debug/tally stats] exit=0 stdout=[open: 0, done: 0, overdue: 0] stderr=[]
-- stats with TALLY_TODAY --
cmd=[env TALLY_TODAY=2026-01-01 ./target/debug/tally stats] exit=0 stdout=[open: 1, done: 0, overdue: 1] stderr=[]
-- list --overdue (should show the late task only) --
#1 [ ] late (due 2000-01-01)
-- default today (no TALLY_TODAY): a 2000 due date is still overdue --
open: 1, done: 0, overdue: 1
[0m
All requirements verified. Let me do a final backward-compatibility check with a task file in the original format (contiguous ids, as the old version wrote them):
[0m$ [0mexport TALLY_FILE=/tmp/opencode/tally-legacy.json
cat > "$TALLY_FILE" <<'EOF'
{
  "tasks": [
    {"id": 1, "title": "old one", "done": false, "due": "2021-03-03", "tags": ["legacy"]},
    {"id": 2, "title": "old two", "done": true, "due": null, "tags": []}
  ]
}
EOF
T=./target/debug/tally
echo "== list --all (legacy file loads) =="
$T list --all
echo "== list (open only) =="
$T list
echo "== add to legacy file -> next id must be 3 =="
$T add "new task"
echo "== edit legacy task title =="
$T edit 1 --title "old one (edited)"
echo "== rm legacy id 2, then add -> next id must be 4 (not 3) =="
$T rm 2
$T add "another"
echo "== list --all =="
$T list --all
echo "== stored file =="
cat "$TALLY_FILE"
== list --all (legacy file loads) ==
#1 [ ] old one (due 2021-03-03) +legacy
#2 [x] old two
== list (open only) ==
#1 [ ] old one (due 2021-03-03) +legacy
== add to legacy file -> next id must be 3 ==
added #3
== edit legacy task title ==
edited #1
== rm legacy id 2, then add -> next id must be 4 (not 3) ==
removed #2
added #4
== list --all ==
#1 [ ] old one (edited) (due 2021-03-03) +legacy
#3 [ ] new task
#4 [ ] another
== stored file ==
{
  "tasks": [
    {
      "id": 1,
      "title": "old one (edited)",
      "done": false,
      "due": "2021-03-03",
      "tags": [
        "legacy"
      ]
    },
    {
      "id": 3,
      "title": "new task",
      "done": false,
      "due": null,
      "tags": []
    },
    {
      "id": 4,
      "title": "another",
      "done": false,
      "due": null,
      "tags": []
    }
  ]
}
[0m
All working. Let me clean up temp test files:
[0m$ [0mrm -f /tmp/opencode/tally-test.json /tmp/opencode/tally-test2.json /tmp/opencode/tally-legacy.json /tmp/opencode/err.txt
(no output)
[0m
Done. All 5 changes implemented and verified in `src/main.rs` and `src/store.rs`:

1. **`done` fix** — `done 99` now prints `no task #99` to stderr and exits 1 (was a panic via `.unwrap()`). Shared `no_task()` helper used by all three.
2. **`edit <id> [--title] [--due]`** — updates those fields, prints `edited #<id>`, same unknown-id error.
3. **`rm <id>`** — deletes the task, prints `removed #<id>`. Ids never reused: changed `Store::add` from `len()+1` to `max(id)+1` (src/store.rs:36).
4. **`list --overdue`** — only open tasks with due date before today; today is `$TALLY_TODAY` if set, else the real current date.
5. **`stats`** — prints exactly `open: N, done: M, overdue: K`.

Notes:
- "Today" is computed dependency-free via a `civil_from_days` helper (no new crates, keeps the build offline-safe). Overdue uses lexicographic `YYYY-MM-DD` string comparison.
- `add`/`list`/`done` output and the JSON file format are unchanged; legacy files (contiguous ids) load fine, and after a delete a new `add` correctly skips to `max+1`.
- `cargo test` (6 tests, incl. new ones) and `cargo build` pass; the only clippy warning is pre-existing in `store.rs` (unrelated to these changes).
